// Jest Snapshot v1, https://goo.gl/fbAQLP

exports[`TableBody default snapshot 1`] = `
<tbody>
  <TableRow
    key="test"
    results={
      Array [
        Object {
          "github": "https://github.com/student1",
          "tasks": Object {
            "test": Object {
              "mark": 100,
              "pr": "https://example.com/task",
            },
            "test2": Object {
              "mark": 30,
              "pr": "https://example.com/task2",
            },
          },
        },
        Object {
          "github": "https://github.com/student2",
          "tasks": Object {
            "test2": Object {
              "mark": 10,
              "pr": "https://example.com/task2",
            },
          },
        },
      ]
    }
    students={
      Array [
        "student1",
        "student2",
      ]
    }
    task={
      Object {
        "link": "https://example.com/test",
        "name": "test",
        "status": "Checking",
      }
    }
  />
  <TableRow
    key="test2"
    results={
      Array [
        Object {
          "github": "https://github.com/student1",
          "tasks": Object {
            "test": Object {
              "mark": 100,
              "pr": "https://example.com/task",
            },
            "test2": Object {
              "mark": 30,
              "pr": "https://example.com/task2",
            },
          },
        },
        Object {
          "github": "https://github.com/student2",
          "tasks": Object {
            "test2": Object {
              "mark": 10,
              "pr": "https://example.com/task2",
            },
          },
        },
      ]
    }
    students={
      Array [
        "student1",
        "student2",
      ]
    }
    task={
      Object {
        "link": "https://example.com/test2",
        "name": "test2",
        "status": "In Progress",
      }
    }
  />
</tbody>
`;
