// Jest Snapshot v1, https://goo.gl/fbAQLP

exports[`TaskResultsContainer default snapshot 1`] = `
<Fragment>
  <TaskResultContainer
    key="teststudent1"
    results={
      Object {
        "test": Object {
          "mark": 100,
          "pr": "https://example.com/task",
        },
        "test2": Object {
          "mark": 30,
          "pr": "https://example.com/task2",
        },
      }
    }
    student="student1"
    task={
      Object {
        "name": "test",
        "status": "Checking",
      }
    }
  />
  <TaskResultContainer
    key="teststudent2"
    results={Object {}}
    student="student2"
    task={
      Object {
        "name": "test",
        "status": "Checking",
      }
    }
  />
</Fragment>
`;
